[0112/133428.630:INFO:CONSOLE(0)] "Error with Permissions-Policy header: Feature xr-spatial-tracking's parameters are ignored.", source:  (0)
[0112/133428.630:INFO:CONSOLE(0)] "Error with Permissions-Policy header: Origin trial controlled feature not enabled: 'attribution-reporting'.", source:  (0)
[0112/133428.630:INFO:CONSOLE(0)] "Error with Permissions-Policy header: Unrecognized feature: 'compute-pressure'.", source:  (0)
[0112/133428.630:INFO:CONSOLE(0)] "Error with Permissions-Policy header: Origin trial controlled feature not enabled: 'interest-cohort'.", source:  (0)
[0112/133428.630:INFO:CONSOLE(0)] "Error with Permissions-Policy header: Unrecognized feature: 'private-state-token-issuance'.", source:  (0)
[0112/133428.630:INFO:CONSOLE(0)] "Error with Permissions-Policy header: Origin trial controlled feature not enabled: 'shared-storage'.", source:  (0)
[0112/133428.630:INFO:CONSOLE(0)] "Error with Permissions-Policy header: Unrecognized feature: 'shared-storage-select-url'.", source:  (0)
[0112/133428.630:INFO:CONSOLE(0)] "Error with Permissions-Policy header: Unrecognized feature: 'private-state-token-redemption'.", source:  (0)
[0112/133428.630:INFO:CONSOLE(0)] "Error with Permissions-Policy header: Unrecognized feature: 'unload'.", source:  (0)
[0112/133428.630:INFO:CONSOLE(0)] "Error with Permissions-Policy header: Unrecognized feature: 'window-management'.", source:  (0)
[0112/133433.884:INFO:CONSOLE(156)] "Event handler of 'x-storagemutated-1' event must be added on the initial evaluation of worker script.", source: https://static.whatsapp.net/rsrc.php/v4/yR/r/rElHz-hOUbL.js (156)
[0112/133516.783:INFO:CONSOLE(156)] "Event handler of 'x-storagemutated-1' event must be added on the initial evaluation of worker script.", source: https://static.whatsapp.net/rsrc.php/v4/yR/r/rElHz-hOUbL.js (156)
[0112/133522.056:INFO:CONSOLE(71)] "ErrorUtils caught an error:

Converting to a string will drop content data. Hash="undefined" Translation="{user_name} salió del grupo." Content="{"key":null,"ref":null,"props":{"contact":{"id":"573244166053@c.us","pushname":"Stiven🤬","type":"out","textStatusLastUpdateTime":-1,"syncToAddressbook":false},"showNotifyName":true,"elevatedPushNamesEnabled":true,"onClick":null}}" (type=object,Object)

Subsequent non-fatal errors won't be logged; see https://fburl.com/debugjs.", source: https://static.whatsapp.net/rsrc.php/v4/yJ/r/sCs_SFWyj76.js (71)
[0112/133642.680:INFO:CONSOLE(156)] "Event handler of 'x-storagemutated-1' event must be added on the initial evaluation of worker script.", source: https://static.whatsapp.net/rsrc.php/v4/yR/r/rElHz-hOUbL.js (156)
[0112/134019.846:INFO:CONSOLE(1744)] "Failed to parse video contentType: video/mp4; codecs=avc1.42000a", source: https://static.whatsapp.net/rsrc.php/v4izHJ4/yI/l/rt/XCZ2ipH6swG.js (1744)
[0112/134019.846:INFO:CONSOLE(1744)] "Failed to parse video contentType: video/mp4; codecs=hev1.1.6.L93.B0", source: https://static.whatsapp.net/rsrc.php/v4izHJ4/yI/l/rt/XCZ2ipH6swG.js (1744)
[0112/134027.430:INFO:CONSOLE(156)] "Event handler of 'x-storagemutated-1' event must be added on the initial evaluation of worker script.", source: https://static.whatsapp.net/rsrc.php/v4/yR/r/rElHz-hOUbL.js (156)
[0112/135721.429:INFO:CONSOLE(156)] "Event handler of 'x-storagemutated-1' event must be added on the initial evaluation of worker script.", source: https://static.whatsapp.net/rsrc.php/v4/yR/r/rElHz-hOUbL.js (156)
[0112/140214.562:INFO:CONSOLE(156)] "Event handler of 'x-storagemutated-1' event must be added on the initial evaluation of worker script.", source: https://static.whatsapp.net/rsrc.php/v4/yR/r/rElHz-hOUbL.js (156)
